
E:\mash_tum_esp32>echo "prescaler 380"
"prescaler 380"

E:\mash_tum_esp32>idf.py -p COM5 flash monitor
Executing action: flash
Running ninja in directory e:\mash_tum_esp32\build
Executing "ninja flash"...
[1/4] Performing build step for 'bootloader'
ninja: no work to do.
[1/2] cmd.exe /C "cd /D C:\Espressif\frameworks\esp-idf-v4...sp-idf-v4.3.4/components/esptool_py/run_serial_tool.cmake"
esptool.py esp32 -p COM5 -b 460800 --before=default_reset --after=hard_reset write_flash --flash_mode dio --flash_freq 40m --flash_size 2MB 0x8000 partition_table/partition-table.bin 0x1000 bootloader/bootloader.bin 0x10000 mash_tum_esp32.bin
esptool.py v3.3.2-dev
Serial port COM5
Connecting....
Chip is ESP32-D0WDQ6 (revision 1)
Features: WiFi, BT, Dual Core, 240MHz, VRef calibration in efuse, Coding Scheme None
Crystal is 40MHz
MAC: 94:b5:55:26:ae:00
Uploading stub...
Running stub...
Stub running...
Changing baud rate to 460800
Changed.
Configuring flash size...
Flash will be erased from 0x00008000 to 0x00008fff...
Flash will be erased from 0x00001000 to 0x00007fff...
Flash will be erased from 0x00010000 to 0x0003afff...
Compressed 3072 bytes to 103...
Writing at 0x00008000... (100 %)
Wrote 3072 bytes (103 compressed) at 0x00008000 in 0.1 seconds (effective 392.6 kbit/s)...
Hash of data verified.
Compressed 26112 bytes to 16050...
Writing at 0x00001000... (100 %)
Wrote 26112 bytes (16050 compressed) at 0x00001000 in 0.8 seconds (effective 252.2 kbit/s)...
Hash of data verified.
Compressed 174752 bytes to 91736...
Writing at 0x00010000... (16 %)
Writing at 0x0001b4cb... (33 %)
Writing at 0x00020c07... (50 %)
Writing at 0x00026685... (66 %)
Writing at 0x0002edf5... (83 %)
Writing at 0x00037039... (100 %)
Wrote 174752 bytes (91736 compressed) at 0x00010000 in 2.5 seconds (effective 559.2 kbit/s)...
Hash of data verified.

Leaving...
Hard resetting via RTS pin...
Executing action: monitor
Running idf_monitor in directory e:\mash_tum_esp32
Executing "C:\Espressif\python_env\idf4.3_py3.8_env\Scripts\python.exe C:\Espressif\frameworks\esp-idf-v4.3.4\tools/idf_monitor.py -p COM5 -b 115200 --toolchain-prefix xtensa-esp32-elf- e:\mash_tum_esp32\build\mash_tum_esp32.elf -m 'C:\Espressif\python_env\idf4.3_py3.8_env\Scripts\python.exe' 'C:\Espressif\frameworks\esp-idf-v4.3.4\tools\idf.py' '-p' 'COM5'"...
--- WARNING: GDB cannot open serial ports accessed as COMx
--- Using \\.\COM5 instead...
C:\Espressif\frameworks\esp-idf-v4.3.4\tools/idf_monitor.py:518: DeprecationWarning: distutils Version classes are deprecated. Use packaging.version instead.
  if StrictVersion(serial.VERSION) < StrictVersion('3.3.0'):
--- idf_monitor on \\.\COM5 115200 ---
--- Quit: Ctrl+] | Menu: Ctrl+T | Help: Ctrl+T followed by Ctrl+H ---
ets Jun  8 2016 00:22:57

rst:0x1 (POWERON_RESET),boot:0x13 (SPI_FAST_FLASH_BOOT)
configsip: 0, SPIWP:0xee
clk_drv:0x00,q_drv:0x00,d_drv:0x00,cs0_drv:0x00,hd_drv:0x00,wp_drv:0x00
mode:DIO, clock div:2
load:0x3fff0030,len:7392
load:0x40078000,len:14948
ho 0 tail 12 room 4
load:0x40080400,len:3688
0x40080400: _init at ??:?

entry 0x4008067c
I (29) boot: ESP-IDF v4.3.4 2nd stage bootloader
I (29) boot: compile time 18:00:28
I (29) boot: chip revision: 1
I (31) boot_comm: chip revision: 1, min. bootloader chip revision: 0
I (39) boot.esp32: SPI Speed      : 40MHz
I (43) boot.esp32: SPI Mode       : DIO
I (48) boot.esp32: SPI Flash Size : 2MB
I (52) boot: Enabling RNG early entropy source...
I (58) boot: Partition Table:
I (61) boot: ## Label            Usage          Type ST Offset   Length
I (69) boot:  0 nvs              WiFi data        01 02 00009000 00006000
I (76) boot:  1 phy_init         RF data          01 01 0000f000 00001000
I (83) boot:  2 factory          factory app      00 00 00010000 00100000
I (91) boot: End of partition table
I (95) boot_comm: chip revision: 1, min. application chip revision: 0
I (102) esp_image: segment 0: paddr=00010020 vaddr=3f400020 size=07860h ( 30816) map
I (122) esp_image: segment 1: paddr=00017888 vaddr=3ffb0000 size=02980h ( 10624) load
I (126) esp_image: segment 2: paddr=0001a210 vaddr=40080000 size=05e08h ( 24072) load
I (140) esp_image: segment 3: paddr=00020020 vaddr=400d0020 size=15484h ( 87172) map
I (172) esp_image: segment 4: paddr=000354ac vaddr=40085e08 size=055ach ( 21932) load
I (181) esp_image: segment 5: paddr=0003aa60 vaddr=50000000 size=00010h (    16) load
I (187) boot: Loaded app from partition at offset 0x10000
I (187) boot: Disabling RNG early entropy source...
I (202) cpu_start: Pro cpu up.
I (203) cpu_start: Starting app cpu, entry point is 0x4008104c
0x4008104c: call_start_cpu1 at C:/Espressif/frameworks/esp-idf-v4.3.4/components/esp_system/port/cpu_start.c:150

I (0) cpu_start: App cpu up.
I (217) cpu_start: Pro cpu start user code
I (217) cpu_start: cpu freq: 160000000
I (217) cpu_start: Application information:
I (221) cpu_start: Project name:     mash_tum_esp32
I (227) cpu_start: App version:      4c834ef-dirty
I (232) cpu_start: Compile time:     Nov  5 2022 00:36:35
I (238) cpu_start: ELF file SHA256:  63c3202498fc89a3...
I (244) cpu_start: ESP-IDF:          v4.3.4
I (250) heap_init: Initializing. RAM available for dynamic allocation:
I (257) heap_init: At 3FFAE6E0 len 00001920 (6 KiB): DRAM
I (263) heap_init: At 3FFB3300 len 0002CD00 (179 KiB): DRAM
I (269) heap_init: At 3FFE0440 len 00003AE0 (14 KiB): D/IRAM
I (275) heap_init: At 3FFE4350 len 0001BCB0 (111 KiB): D/IRAM
I (282) heap_init: At 4008B3B4 len 00014C4C (83 KiB): IRAM
I (289) spi_flash: detected chip: generic
I (293) spi_flash: flash io: dio
W (296) spi_flash: Detected size(4096k) larger than the size in the binary image header(2048k). Using the size in the binary image header.
I (311) cpu_start: Starting scheduler on PRO CPU.
I (0) cpu_start: Starting scheduler on APP CPU.
I (321) SETUP: configuring general peryferials
0.000062 sec
0.999072 sec
1.999071 sec
2.999074 sec
3.999073 sec
4.999071 sec
5.999074 sec
6.999073 sec
7.999071 sec
8.999075 sec
9.999073 sec
10.999071 sec
11.999075 sec
12.999073 sec
13.999072 sec
14.999070 sec
15.999073 sec
16.999072 sec
17.999070 sec
18.999074 sec
19.999072 sec
20.999071 sec
21.999074 sec
22.999073 sec
0.249071 sec
voltage: 2412.000000 mV
 temperature: 60.300003
2.249073 sec
3.249071 sec
4.249074 sec
5.249073 sec
6.249072 sec
7.249075 sec
8.249073 sec
9.249072 sec
10.249070 sec
11.249073 sec
12.249072 sec
13.249071 sec
14.249074 sec
15.249072 sec
16.249071 sec
17.249074 sec
18.249073 sec
19.249071 sec
20.249074 sec
21.249073 sec
22.249071 sec
23.249074 sec
0.499073 sec
voltage: 2410.000000 mV
 temperature: 60.250000
2.499075 sec
3.499073 sec
4.499072 sec
5.499070 sec
6.499073 sec
7.499072 sec

Traceback (most recent call last):
  File "C:\Espressif\frameworks\esp-idf-v4.3.4\tools/idf_monitor.py", line 569, in main_loop
    item = self.cmd_queue.get_nowait()
  File "queue.py", line 198, in get_nowait
  File "queue.py", line 167, in get
_queue.Empty

During handling of the above exception, another exception occurred:

Traceback (most recent call last):
  File "C:\Espressif\frameworks\esp-idf-v4.3.4\tools/idf_monitor.py", line 1326, in <module>
    main()
  File "C:\Espressif\frameworks\esp-idf-v4.3.4\tools/idf_monitor.py", line 1139, in main
    monitor.main_loop()
  File "C:\Espressif\frameworks\esp-idf-v4.3.4\tools/idf_monitor.py", line 572, in main_loop
    item = self.event_queue.get(True, 0.03)
  File "queue.py", line 179, in get
  File "threading.py", line 306, in wait
KeyboardInterrupt

Aborted!

E:\mash_tum_esp32>